{
  "recordedAt": "2026-09-15T06:54:50.558Z",
  "widths": [
    390,
    600
  ],
  "fontSizes": [
    10,
    13,
    17,
    24
  ],
  "rows": [
    {
      "viewportWidth": 390,
      "scrollportWidth": 384,
      "fontSize": 10,
      "appliedFontSize": 10,
      "metrics": {
        "laneWidth": 378,
        "bodyLineHeight": 16,
        "secondaryLineHeight": 13.464701,
        "charWidth": 6.091733870967742,
        "monoCharWidth": 5.740423387096774
      },
      "intrinsicAdvance": 6.091487761466734,
      "glyphError": 0.0002461095010080072,
      "unmeasuredRow": 40,
      "measuredCacheContainsRow": false,
      "estimate": 96,
      "freshEstimate": 96,
      "browserMeasuredRow": 282,
      "browserHeight": 80,
      "pass": true
    },
    {
      "viewportWidth": 390,
      "scrollportWidth": 384,
      "fontSize": 13,
      "appliedFontSize": 13,
      "metrics": {
        "laneWidth": 378,
        "bodyLineHeight": 20.799999,
        "secondaryLineHeight": 17.50411,
        "charWidth": 7.690524193548387,
        "monoCharWidth": 7.462449596774194
      },
      "intrinsicAdvance": 7.690400154359879,
      "glyphError": 0.00012403918850800721,
      "unmeasuredRow": 40,
      "measuredCacheContainsRow": false,
      "estimate": 141,
      "freshEstimate": 141,
      "browserMeasuredRow": 193,
      "browserHeight": 116,
      "pass": true
    },
    {
      "viewportWidth": 390,
      "scrollportWidth": 384,
      "fontSize": 17,
      "appliedFontSize": 17,
      "metrics": {
        "laneWidth": 378,
        "bodyLineHeight": 27.200001,
        "secondaryLineHeight": 22.88999,
        "charWidth": 9.724798387096774,
        "monoCharWidth": 9.758568548387096
      },
      "intrinsicAdvance": 9.724627094884072,
      "glyphError": 0.00017129221270195671,
      "unmeasuredRow": 40,
      "measuredCacheContainsRow": false,
      "estimate": 207,
      "freshEstimate": 207,
      "browserMeasuredRow": 133,
      "browserHeight": 178,
      "pass": true
    },
    {
      "viewportWidth": 390,
      "scrollportWidth": 384,
      "fontSize": 24,
      "appliedFontSize": 24,
      "metrics": {
        "laneWidth": 378,
        "bodyLineHeight": 38.400002,
        "secondaryLineHeight": 32.315281,
        "charWidth": 13.47101814516129,
        "monoCharWidth": 13.77671370967742
      },
      "intrinsicAdvance": 13.470838977444556,
      "glyphError": 0.00017916771673398557,
      "unmeasuredRow": 40,
      "measuredCacheContainsRow": false,
      "estimate": 362,
      "freshEstimate": 362,
      "browserMeasuredRow": 79,
      "browserHeight": 320,
      "pass": true
    },
    {
      "viewportWidth": 600,
      "scrollportWidth": 594,
      "fontSize": 10,
      "appliedFontSize": 10,
      "metrics": {
        "laneWidth": 564,
        "bodyLineHeight": 16,
        "secondaryLineHeight": 13.464701,
        "charWidth": 6.091733870967742,
        "monoCharWidth": 5.740423387096774
      },
      "intrinsicAdvance": 6.091487761466734,
      "glyphError": 0.0002461095010080072,
      "unmeasuredRow": 40,
      "measuredCacheContainsRow": false,
      "estimate": 64,
      "freshEstimate": 64,
      "browserMeasuredRow": 279,
      "browserHeight": 64,
      "pass": true
    },
    {
      "viewportWidth": 600,
      "scrollportWidth": 594,
      "fontSize": 13,
      "appliedFontSize": 13,
      "metrics": {
        "laneWidth": 564,
        "bodyLineHeight": 20.799999,
        "secondaryLineHeight": 17.50411,
        "charWidth": 7.690524193548387,
        "monoCharWidth": 7.462449596774194
      },
      "intrinsicAdvance": 7.690400154359879,
      "glyphError": 0.00012403918850800721,
      "unmeasuredRow": 40,
      "measuredCacheContainsRow": false,
      "estimate": 100,
      "freshEstimate": 100,
      "browserMeasuredRow": 185,
      "browserHeight": 76,
      "pass": true
    },
    {
      "viewportWidth": 600,
      "scrollportWidth": 594,
      "fontSize": 17,
      "appliedFontSize": 17,
      "metrics": {
        "laneWidth": 564,
        "bodyLineHeight": 27.200001,
        "secondaryLineHeight": 22.88999,
        "charWidth": 9.724798387096774,
        "monoCharWidth": 9.758568548387096
      },
      "intrinsicAdvance": 9.724627094884072,
      "glyphError": 0.00017129221270195671,
      "unmeasuredRow": 40,
      "measuredCacheContainsRow": false,
      "estimate": 153,
      "freshEstimate": 153,
      "browserMeasuredRow": 130,
      "browserHeight": 124,
      "pass": true
    },
    {
      "viewportWidth": 600,
      "scrollportWidth": 594,
      "fontSize": 24,
      "appliedFontSize": 24,
      "metrics": {
        "laneWidth": 564,
        "bodyLineHeight": 38.400002,
        "secondaryLineHeight": 32.315281,
        "charWidth": 13.47101814516129,
        "monoCharWidth": 13.77671370967742
      },
      "intrinsicAdvance": 13.470838977444556,
      "glyphError": 0.00017916771673398557,
      "unmeasuredRow": 40,
      "measuredCacheContainsRow": false,
      "estimate": 285,
      "freshEstimate": 285,
      "browserMeasuredRow": 81,
      "browserHeight": 206,
      "pass": true
    }
  ],
  "pass": true,
  "method": "Real ChatTranscript and useAppConfig in Bun.WebView. Unmeasured row 40 is read from the real virtualizer; an identical mounted row supplies browser height. Settings completion uses effect/layout signals, not delays. Intrinsic glyph advance independently measured with Range.",
  "tracking": [
    {
      "width": 390,
      "glyphsIncrease": true,
      "estimatesIncrease": true
    },
    {
      "width": 600,
      "glyphsIncrease": true,
      "estimatesIncrease": true
    }
  ],
  "widthChangesEstimate": true,
  "cleanup": {
    "viteStopped": true,
    "temporaryRemoved": true,
    "coreRestored": true,
    "cmpExitCode": 0,
    "portFree": true,
    "sweepCacheRemoved": true
  }
}
