npm notice run omo-webchat-frontend@0.1.0 npx
npm notice run 'vitest' run

 RUN  v4.1.11 /Volumes/storage/workspace/cli-webchat-scroll-fix/frontend

 ❯ src/features/split/ChatPane.behavior.optimistic.test.tsx (2 tests | 2 failed) 159ms
     × does not reconcile a reconnect snapshot's older identical prompt as the current optimistic one 109ms
     × reconciles identical prompts independently after completion 48ms

⎯⎯⎯⎯⎯⎯⎯ Failed Tests 2 ⎯⎯⎯⎯⎯⎯⎯

 FAIL  src/features/split/ChatPane.behavior.optimistic.test.tsx > ChatPane optimistic prompt reconciliation > does not reconcile a reconnect snapshot's older identical prompt as the current optimistic one
AssertionError: expected '130px' to be '160px' // Object.is equality

Expected: "160px"
Received: "130px"

 ❯ src/features/split/ChatPane.behavior.optimistic.test.tsx:86:5
     84|   expect(
     85|    container.querySelector<HTMLElement>(".th-chat-history")?.style.hei…
     86|   ).toBe("160px");
       |     ^
     87|  });
     88|

⎯⎯⎯⎯⎯⎯⎯⎯⎯⎯⎯⎯⎯⎯⎯⎯⎯⎯⎯⎯⎯⎯⎯⎯[1/2]⎯

 FAIL  src/features/split/ChatPane.behavior.optimistic.test.tsx > ChatPane optimistic prompt reconciliation > reconciles identical prompts independently after completion
AssertionError: expected '130px' to be '160px' // Object.is equality

Expected: "160px"
Received: "130px"

 ❯ src/features/split/ChatPane.behavior.optimistic.test.tsx:113:5
    111|   expect(
    112|    container.querySelector<HTMLElement>(".th-chat-history")?.style.hei…
    113|   ).toBe("160px");
       |     ^
    114|  });
    115| });

⎯⎯⎯⎯⎯⎯⎯⎯⎯⎯⎯⎯⎯⎯⎯⎯⎯⎯⎯⎯⎯⎯⎯⎯[2/2]⎯


 Test Files  1 failed | 248 passed (249)
      Tests  2 failed | 2680 passed (2682)
   Start at  14:42:25
   Duration  43.36s (transform 10.82s, setup 3.65s, import 66.82s, tests 54.07s, environment 143.64s)


[exit code: 1]
