vite v6.4.3 building for production...
transforming...
✓ 372 modules transformed.
rendering chunks...
computing gzip size...
temporary/harness-dist/index.html                                         0.33 kB │ gzip:   0.24 kB
temporary/harness-dist/assets/KaTeX_Size3-Regular-CTq5MqoE.woff           4.42 kB
temporary/harness-dist/assets/KaTeX_Size4-Regular-Dl5lxZxV.woff2          4.93 kB
temporary/harness-dist/assets/KaTeX_Size2-Regular-Dy4dx90m.woff2          5.21 kB
temporary/harness-dist/assets/KaTeX_Size1-Regular-mCD8mA8B.woff2          5.47 kB
temporary/harness-dist/assets/KaTeX_Size4-Regular-BF-4gkZK.woff           5.98 kB
temporary/harness-dist/assets/KaTeX_Size2-Regular-oD1tc_U0.woff           6.19 kB
temporary/harness-dist/assets/KaTeX_Size1-Regular-C195tn64.woff           6.50 kB
temporary/harness-dist/assets/KaTeX_Caligraphic-Regular-Di6jR-x-.woff2    6.91 kB
temporary/harness-dist/assets/KaTeX_Caligraphic-Bold-Dq_IR9rO.woff2       6.91 kB
temporary/harness-dist/assets/KaTeX_Size3-Regular-DgpXs0kz.ttf            7.59 kB
temporary/harness-dist/assets/KaTeX_Caligraphic-Regular-CTRA-rTL.woff     7.66 kB
temporary/harness-dist/assets/KaTeX_Caligraphic-Bold-BEiXGLvX.woff        7.72 kB
temporary/harness-dist/assets/KaTeX_Script-Regular-D3wIWfF6.woff2         9.64 kB
temporary/harness-dist/assets/KaTeX_SansSerif-Regular-DDBCnlJ7.woff2     10.34 kB
temporary/harness-dist/assets/KaTeX_Size4-Regular-DWFBv043.ttf           10.36 kB
temporary/harness-dist/assets/KaTeX_Script-Regular-D5yQViql.woff         10.59 kB
temporary/harness-dist/assets/KaTeX_Fraktur-Regular-CTYiF6lA.woff2       11.32 kB
temporary/harness-dist/assets/KaTeX_Fraktur-Bold-CL6g_b3V.woff2          11.35 kB
temporary/harness-dist/assets/KaTeX_Size2-Regular-B7gKUWhC.ttf           11.51 kB
temporary/harness-dist/assets/KaTeX_SansSerif-Italic-C3H0VqGB.woff2      12.03 kB
temporary/harness-dist/assets/KaTeX_SansSerif-Bold-D1sUS0GD.woff2        12.22 kB
temporary/harness-dist/assets/KaTeX_Size1-Regular-Dbsnue_I.ttf           12.23 kB
temporary/harness-dist/assets/KaTeX_SansSerif-Regular-CS6fqUqJ.woff      12.32 kB
temporary/harness-dist/assets/KaTeX_Caligraphic-Regular-wX97UBjC.ttf     12.34 kB
temporary/harness-dist/assets/KaTeX_Caligraphic-Bold-ATXxdsX0.ttf        12.37 kB
temporary/harness-dist/assets/KaTeX_Fraktur-Regular-Dxdc4cR9.woff        13.21 kB
temporary/harness-dist/assets/KaTeX_Fraktur-Bold-BsDP51OF.woff           13.30 kB
temporary/harness-dist/assets/KaTeX_Typewriter-Regular-CO6r4hn1.woff2    13.57 kB
temporary/harness-dist/assets/KaTeX_SansSerif-Italic-DN2j7dab.woff       14.11 kB
temporary/harness-dist/assets/KaTeX_SansSerif-Bold-DbIhKOiC.woff         14.41 kB
temporary/harness-dist/assets/KaTeX_Typewriter-Regular-C0xS9mPB.woff     16.03 kB
temporary/harness-dist/assets/KaTeX_Math-BoldItalic-CZnvNsCZ.woff2       16.40 kB
temporary/harness-dist/assets/KaTeX_Math-Italic-t53AETM-.woff2           16.44 kB
temporary/harness-dist/assets/KaTeX_Script-Regular-C5JkGWo-.ttf          16.65 kB
temporary/harness-dist/assets/KaTeX_Main-BoldItalic-DxDJ3AOS.woff2       16.78 kB
temporary/harness-dist/assets/KaTeX_Main-Italic-NWA7e6Wa.woff2           16.99 kB
temporary/harness-dist/assets/KaTeX_Math-BoldItalic-iY-2wyZ7.woff        18.67 kB
temporary/harness-dist/assets/KaTeX_Math-Italic-DA0__PXp.woff            18.75 kB
temporary/harness-dist/assets/KaTeX_Main-BoldItalic-SpSLRI95.woff        19.41 kB
temporary/harness-dist/assets/KaTeX_SansSerif-Regular-BNo7hRIc.ttf       19.44 kB
temporary/harness-dist/assets/KaTeX_Fraktur-Regular-CB_wures.ttf         19.57 kB
temporary/harness-dist/assets/KaTeX_Fraktur-Bold-BdnERNNW.ttf            19.58 kB
temporary/harness-dist/assets/KaTeX_Main-Italic-BMLOBm91.woff            19.68 kB
temporary/harness-dist/assets/KaTeX_SansSerif-Italic-YYjJ1zSn.ttf        22.36 kB
temporary/harness-dist/assets/KaTeX_SansSerif-Bold-CFMepnvq.ttf          24.50 kB
temporary/harness-dist/assets/KaTeX_Main-Bold-Cx986IdX.woff2             25.32 kB
temporary/harness-dist/assets/KaTeX_Main-Regular-B22Nviop.woff2          26.27 kB
temporary/harness-dist/assets/KaTeX_Typewriter-Regular-D3Ib7_Hf.ttf      27.56 kB
temporary/harness-dist/assets/KaTeX_AMS-Regular-BQhdFMY1.woff2           28.08 kB
temporary/harness-dist/assets/KaTeX_Main-Bold-Jm3AIy58.woff              29.91 kB
temporary/harness-dist/assets/KaTeX_Main-Regular-Dr94JaBh.woff           30.77 kB
temporary/harness-dist/assets/KaTeX_Math-BoldItalic-B3XSjfu4.ttf         31.20 kB
temporary/harness-dist/assets/KaTeX_Math-Italic-flOr_0UB.ttf             31.31 kB
temporary/harness-dist/assets/KaTeX_Main-BoldItalic-DzxPMmG6.ttf         32.97 kB
temporary/harness-dist/assets/KaTeX_AMS-Regular-DMm9YOAa.woff            33.52 kB
temporary/harness-dist/assets/KaTeX_Main-Italic-3WenGoN9.ttf             33.58 kB
temporary/harness-dist/assets/KaTeX_Main-Bold-waoOVXN0.ttf               51.34 kB
temporary/harness-dist/assets/KaTeX_Main-Regular-ypZvNtVU.ttf            53.58 kB
temporary/harness-dist/assets/KaTeX_AMS-Regular-DRggAlZN.ttf             63.63 kB
temporary/harness-dist/assets/index-CoUcA_Mk.css                         66.63 kB │ gzip:  14.75 kB
temporary/harness-dist/assets/index-Sals8ayl.js                         759.36 kB │ gzip: 227.98 kB

(!) Some chunks are larger than 500 kB after minification. Consider:
- Using dynamic import() to code-split the application
- Use build.rollupOptions.output.manualChunks to improve chunking: https://rollupjs.org/configuration-options/#output-manualchunks
- Adjust chunk size limit for this warning via build.chunkSizeWarningLimit.
✓ built in 5.34s
