gen_go: wrote /Volumes/storage/workspace/cli-webchat-error-visibility/internal/wscontract/types_gen.go (74 structs)
gen_ts: wrote /Volumes/storage/workspace/cli-webchat-error-visibility/frontend/src/lib/contract/types_gen.ts
diff --git a/contract/schemas/notice-kinds.json b/contract/schemas/notice-kinds.json
index d41639a..032364f 100644
--- a/contract/schemas/notice-kinds.json
+++ b/contract/schemas/notice-kinds.json
@@ -17,7 +17,8 @@
         "compaction_error",
         "queue_delivery_uncertain",
         "extension_notify",
-        "engine_notify"
+        "engine_notify",
+        "continuation_error"
       ]
     }
   }
diff --git a/contract/schemas/shared-types.json b/contract/schemas/shared-types.json
index ab85b33..4da6fca 100644
--- a/contract/schemas/shared-types.json
+++ b/contract/schemas/shared-types.json
@@ -95,7 +95,9 @@
         "model": { "type": "string" },
         "usage": { "$ref": "#/$defs/JsonValue" },
         "ts": { "type": "number" },
-        "timestamp": { "type": "number" }
+        "timestamp": { "type": "number" },
+        "errorMessage": { "type": "string", "description": "Failure text observed on the wire when an assistant turn ends unsuccessfully" },
+        "stopReason": { "type": "string", "description": "Stop reason observed on the wire for a completed assistant turn" }
       }
     },
     "ChatImage": {
diff --git a/frontend/src/features/split/ChatTranscript.tsx b/frontend/src/features/split/ChatTranscript.tsx
index d7c2015..838c964 100644
--- a/frontend/src/features/split/ChatTranscript.tsx
+++ b/frontend/src/features/split/ChatTranscript.tsx
@@ -15,7 +15,7 @@ import {
 import type { Paragraph, Root } from "mdast";
 import type {} from "mdast-util-math";
 import type { UiMessage } from "./chatEntries";
-import { hasRenderableContent } from "./chatEntries";
+import { hasRenderableContent, isFailedTurn } from "./chatEntries";
 import type { ToolEntry, ToolResultImage } from "./chatSessionTypes";
 import { HookCard } from "./HookCard";
 import { remarkBackslashMath } from "./mathDelimiters";
@@ -682,7 +682,21 @@ export function ChatTranscript({
                       />
                     ) : message.role === "custom" ? (
                       <HookCard hookType={message.customType ?? "hook"} text={messageText(message)} />
-                    ) : renderMessageBlocks(message)}
+                    ) : (
+                      <>
+                        {renderMessageBlocks(message)}
+                        {isFailedTurn(message) && (
+                          // Failure text observed on the wire, attached to its
+                          // turn; an empty text falls back to a generic label
+                          // rather than hiding the failure.
+                          <div className="th-chat-error th-chat-turn-error" role="alert">
+                            {message.errorMessage !== undefined && message.errorMessage.length > 0
+                              ? message.errorMessage
+                              : t("chat.turnFailed")}
+                          </div>
+                        )}
+                      </>
+                    )}
                   </div>
                 </div>
               );
diff --git a/frontend/src/features/split/chatEntries.test.ts b/frontend/src/features/split/chatEntries.test.ts
index bae0305..cfb02b3 100644
--- a/frontend/src/features/split/chatEntries.test.ts
+++ b/frontend/src/features/split/chatEntries.test.ts
@@ -22,6 +22,20 @@ describe("hasRenderableContent", () => {
 			blocks: [{ kind: "text", text: "hook" }],
 		})).toBe(true);
 	});
+
+	it("keeps a failed assistant turn renderable even with zero blocks", () => {
+		expect(hasRenderableContent({ role: "assistant", blocks: [], errorMessage: "provider overloaded" })).toBe(true);
+		expect(hasRenderableContent({ role: "assistant", blocks: [], errorMessage: "" })).toBe(true);
+		expect(hasRenderableContent({ role: "assistant", blocks: [], stopReason: "error" })).toBe(true);
+		// A bare abort with no failure text is a user stop (observed engine
+		// contract: the user-stop path stamps stopReason "aborted" with
+		// ordinary text), not a failure — no error row, and a blank cancelled
+		// turn stays hidden like any zero-block row.
+		expect(hasRenderableContent({ role: "assistant", blocks: [], stopReason: "aborted" })).toBe(false);
+		expect(hasRenderableContent({ role: "assistant", blocks: [{ kind: "text", text: "partial" }], stopReason: "aborted" })).toBe(true);
+		// A successful stop reason alone does not make a blank row renderable.
+		expect(hasRenderableContent({ role: "assistant", blocks: [], stopReason: "stop" })).toBe(false);
+	});
 });
 
 describe("parseEntries", () => {
@@ -142,4 +156,45 @@ describe("parseEntries", () => {
 			{ kind: "image_ref", mimeType: "image/jpeg", byteLength: 2048, ref: { toolCallId: "t2", contentIndex: 1 } },
 		]);
 	});
+
+	it("carries errorMessage and stopReason through restored history", () => {
+		const messages = parseEntries([
+			{
+				type: "message",
+				id: "e1",
+				message: {
+					role: "assistant",
+					timestamp: 42,
+					content: "partial",
+					errorMessage: "provider overloaded",
+					stopReason: "error",
+				},
+			},
+			{ type: "message", id: "e2", message: { role: "assistant", content: "fine" } },
+		]);
+		expect(messages[0]).toEqual({
+			id: "e1",
+			role: "assistant",
+			blocks: [{ kind: "text", text: "partial" }],
+			ts: 42,
+			errorMessage: "provider overloaded",
+			stopReason: "error",
+		});
+		// Entries without the fields restore exactly as before.
+		expect(messages[1]).toEqual({
+			id: "e2",
+			role: "assistant",
+			blocks: [{ kind: "text", text: "fine" }],
+			ts: 0,
+		});
+	});
+
+	it("keeps an empty restored errorMessage so the renderer can fall back to a generic label", () => {
+		const messages = parseEntries([
+			{ type: "message", id: "e1", message: { role: "assistant", content: [], errorMessage: "", stopReason: "error" } },
+		]);
+		expect(messages[0]?.errorMessage).toBe("");
+		expect(messages[0]?.stopReason).toBe("error");
+		expect(messages.filter(hasRenderableContent).map((message) => message.id)).toEqual(["e1"]);
+	});
 });
diff --git a/frontend/src/features/split/chatEntries.ts b/frontend/src/features/split/chatEntries.ts
index 40f5dc1..38cc847 100644
--- a/frontend/src/features/split/chatEntries.ts
+++ b/frontend/src/features/split/chatEntries.ts
@@ -186,13 +186,30 @@ function mergeToolResultMessage(messages: UiMessage[], message: Readonly<Record<
   });
 }
 
+/**
+ * True when the assistant turn ended unsuccessfully: it carries failure text
+ * (errorMessage present, even empty — the renderer falls back to a generic
+ * label) or its stopReason reports a genuine error. A bare "aborted" with no
+ * failure text is a user stop (observed engine contract: the user-stop path
+ * stamps stopReason "aborted" alongside ordinary text), never a failure, so
+ * a cancelled turn renders no error row. The failure must render attached to
+ * its turn, matching the observed reference behavior of never hiding it.
+ */
+export function isFailedTurn(message: AssistantMessage): boolean {
+  if (message.role !== "assistant") return false;
+  if (message.errorMessage !== undefined) return true;
+  return message.stopReason === "error";
+}
+
 /** Zero-renderable-block assistant messages are omitted from rendering.
  * Presentation-seam predicate only: transcript state keeps them — live and
  * restored alike — because they anchor current-turn tool results when
  * run.done materializes them; ChatTranscript hides their blank rows only
  * after row identity is assigned. Any message with blocks — including one
- * made non-empty by tool-result folding — counts as renderable. */
+ * made non-empty by tool-result folding — counts as renderable, as does a
+ * failed turn: its failure row must never be hidden with the blank row. */
 export function hasRenderableContent(message: AssistantMessage): boolean {
+  if (message.role === "assistant" && isFailedTurn(message)) return true;
   return !(message.role === "assistant" && (message.blocks ?? []).length === 0);
 }
 
@@ -281,12 +298,19 @@ export function parseEntries(entries: unknown): UiMessage[] {
     const timestamp = message["timestamp"];
     const model = message["model"];
     const id = entry["id"];
+    // Failure fields observed on the wire for turns that ended
+    // unsuccessfully; persisted entries carry them beside content, and they
+    // must survive hydration so the failure renders attached to its turn.
+    const errorMessage = message["errorMessage"];
+    const stopReason = message["stopReason"];
     const parsed: UiMessage = {
       ...(typeof id === "string" ? { id } : {}),
       role,
       blocks: parseBlocks(message["content"]),
       ts: typeof timestamp === "number" ? timestamp : 0,
       ...(typeof model === "string" ? { model } : {}),
+      ...(typeof errorMessage === "string" ? { errorMessage } : {}),
+      ...(typeof stopReason === "string" ? { stopReason } : {}),
     };
     // Kept in state even with zero blocks: an empty restored completion
     // anchors current-turn tool results exactly like the live path, so
diff --git a/frontend/src/i18n/locales/en.json b/frontend/src/i18n/locales/en.json
index 5363ea7..b74ad80 100644
--- a/frontend/src/i18n/locales/en.json
+++ b/frontend/src/i18n/locales/en.json
@@ -192,6 +192,7 @@
   "toast.copiedSelection": "Selection copied",
   "chat.done": "Done",
   "chat.stoppedError": "Stopped",
+  "chat.turnFailed": "Turn failed",
   "chat.loading": "Loading…",
   "chat.reconnecting": "Reconnecting…",
   "chat.recoveryResuming": "Resuming session…",
diff --git a/frontend/src/i18n/locales/ko.json b/frontend/src/i18n/locales/ko.json
index 06145ba..5bfe5f7 100644
--- a/frontend/src/i18n/locales/ko.json
+++ b/frontend/src/i18n/locales/ko.json
@@ -192,6 +192,7 @@
   "toast.copiedSelection": "선택한 내용을 복사했습니다",
   "chat.done": "완료",
   "chat.stoppedError": "중지됨",
+  "chat.turnFailed": "턴 실패",
   "chat.loading": "불러오는 중…",
   "chat.reconnecting": "재연결 중…",
   "chat.recoveryResuming": "세션 재개 중…",
diff --git a/frontend/src/lib/chatWsParseFields.ts b/frontend/src/lib/chatWsParseFields.ts
index ab34987..918f2fb 100644
--- a/frontend/src/lib/chatWsParseFields.ts
+++ b/frontend/src/lib/chatWsParseFields.ts
@@ -174,7 +174,15 @@ export function parseAssistantMessage(record: Record<string, unknown>): Assistan
   const explicitTs = optNumber(record, "ts");
   const timestamp = optNumber(record, "timestamp");
   const content = optString(record, "content");
-  if (customType === null || model === null || explicitTs === null || timestamp === null || content === null) return null;
+  // Optional failure fields observed on the wire when an assistant turn ends
+  // unsuccessfully: absent on healthy turns, so older and replayed frames
+  // without them parse exactly as before.
+  const errorMessage = optString(record, "errorMessage");
+  const stopReason = optString(record, "stopReason");
+  if (
+    customType === null || model === null || explicitTs === null || timestamp === null || content === null
+    || errorMessage === null || stopReason === null
+  ) return null;
   const ts = explicitTs ?? timestamp;
   const rawBlocks = record["blocks"];
   const blocks = rawBlocks === undefined
@@ -196,6 +204,8 @@ export function parseAssistantMessage(record: Record<string, unknown>): Assistan
     ...(model !== undefined ? { model } : {}),
     ...(ts !== undefined ? { ts } : {}),
     ...(toolCallId !== undefined ? { toolCallId } : {}),
+    ...(errorMessage !== undefined ? { errorMessage } : {}),
+    ...(stopReason !== undefined ? { stopReason } : {}),
     ...(usage !== undefined ? { usage: sanitizeJson(usage) } : {}),
   };
   return parsed;
diff --git a/frontend/src/lib/contract/roundtrip.test.ts b/frontend/src/lib/contract/roundtrip.test.ts
index 017082c..f6f959f 100644
--- a/frontend/src/lib/contract/roundtrip.test.ts
+++ b/frontend/src/lib/contract/roundtrip.test.ts
@@ -142,7 +142,7 @@ describe("contract requirements pinned by fixtures", () => {
     }
   });
 
-  it("notice.at is RFC3339Nano and the fixture kind is one of the durable twelve (invariant 14)", () => {
+  it("notice.at is RFC3339Nano and the fixture kind is one of the durable thirteen (invariant 14)", () => {
     const rfc3339Nano = /^\d{4}-\d{2}-\d{2}T\d{2}:\d{2}:\d{2}(\.\d+)?(Z|[+-]\d{2}:\d{2})$/;
     expect(DURABLE_NOTICE_KIND).toEqual([
       "retry_fallback_applied",
@@ -157,6 +157,7 @@ describe("contract requirements pinned by fixtures", () => {
       "queue_delivery_uncertain",
       "extension_notify",
       "engine_notify",
+      "continuation_error",
     ]);
     const notices = fixtures.filter((f) => typeOf(f) === "notice");
     expect(notices.length).toBeGreaterThanOrEqual(1);
diff --git a/frontend/src/lib/contract/types_gen.ts b/frontend/src/lib/contract/types_gen.ts
index f332eaa..56a0e6c 100644
--- a/frontend/src/lib/contract/types_gen.ts
+++ b/frontend/src/lib/contract/types_gen.ts
@@ -22,8 +22,12 @@ export interface AssistantMessage {
   readonly blocks?: readonly ContentBlock[];
   readonly content?: string;
   readonly customType?: string;
+  /** Failure text observed on the wire when an assistant turn ends unsuccessfully */
+  readonly errorMessage?: string;
   readonly model?: string;
   readonly role: string;
+  /** Stop reason observed on the wire for a completed assistant turn */
+  readonly stopReason?: string;
   readonly timestamp?: number;
   readonly ts?: number;
   readonly usage?: JsonValue;
@@ -134,8 +138,8 @@ export interface HelloFrame {
 export type ErrorCode = "pi_eof" | "resume_failed" | "session_unloaded" | "session_mismatch" | "prompt_in_flight" | "compaction_in_flight" | "provider_error" | "provider_disconnected" | "reconnect_exhausted" | "unsupported_provider" | "persist_failed" | "decode_failed" | "incomplete_history" | "external-write-detected" | "session-active" | "adoption_required" | "bad_frame" | "unknown_type" | "bad_create" | "bad_provider" | "no_workspace" | "no_chat" | "start_failed" | "initialize_failed" | "provider_overflow" | "provider_timeout" | "bad_approval" | "bad_resume" | "bad_send" | "bad_set" | "set_model_failed" | "set_thinking_failed" | "approval_failed" | "no_session" | "send_failed" | "compact_failed" | "send_backpressure" | "queue_item_not_found";
 export const ERROR_CODE: readonly ErrorCode[] = ["pi_eof", "resume_failed", "session_unloaded", "session_mismatch", "prompt_in_flight", "compaction_in_flight", "provider_error", "provider_disconnected", "reconnect_exhausted", "unsupported_provider", "persist_failed", "decode_failed", "incomplete_history", "external-write-detected", "session-active", "adoption_required", "bad_frame", "unknown_type", "bad_create", "bad_provider", "no_workspace", "no_chat", "start_failed", "initialize_failed", "provider_overflow", "provider_timeout", "bad_approval", "bad_resume", "bad_send", "bad_set", "set_model_failed", "set_thinking_failed", "approval_failed", "no_session", "send_failed", "compact_failed", "send_backpressure", "queue_item_not_found"] as const;
 
-export type DurableNoticeKind = "retry_fallback_applied" | "retry_fallback_reverted" | "retry_fallback_succeeded" | "retry_fallback_exhausted" | "server_fallback_aborted" | "high_reasoning_warning" | "auto_retry_start" | "auto_retry_end" | "compaction_error" | "queue_delivery_uncertain" | "extension_notify" | "engine_notify";
-export const DURABLE_NOTICE_KIND: readonly DurableNoticeKind[] = ["retry_fallback_applied", "retry_fallback_reverted", "retry_fallback_succeeded", "retry_fallback_exhausted", "server_fallback_aborted", "high_reasoning_warning", "auto_retry_start", "auto_retry_end", "compaction_error", "queue_delivery_uncertain", "extension_notify", "engine_notify"] as const;
+export type DurableNoticeKind = "retry_fallback_applied" | "retry_fallback_reverted" | "retry_fallback_succeeded" | "retry_fallback_exhausted" | "server_fallback_aborted" | "high_reasoning_warning" | "auto_retry_start" | "auto_retry_end" | "compaction_error" | "queue_delivery_uncertain" | "extension_notify" | "engine_notify" | "continuation_error";
+export const DURABLE_NOTICE_KIND: readonly DurableNoticeKind[] = ["retry_fallback_applied", "retry_fallback_reverted", "retry_fallback_succeeded", "retry_fallback_exhausted", "server_fallback_aborted", "high_reasoning_warning", "auto_retry_start", "auto_retry_end", "compaction_error", "queue_delivery_uncertain", "extension_notify", "engine_notify", "continuation_error"] as const;
 
 export interface AckFrame {
   readonly command: string;
@@ -658,7 +662,7 @@ export function frameTypeOf(raw: unknown): string | null {
 }
 
 type ValidationSchema = { readonly json?: true; readonly type?: string; readonly const?: string; readonly enum?: readonly string[]; readonly required?: readonly string[]; readonly format?: string; readonly anyOf?: readonly ValidationSchema[]; readonly properties?: Readonly<Record<string, ValidationSchema>>; readonly items?: ValidationSchema };
-const SERVER_SCHEMAS: Readonly<Record<string, ValidationSchema>> = {"ready":{"type":"object","required":["type","sessionId","piSessionId","resumed"],"format":"todo-binding-ready","properties":{"type":{"const":"ready"},"sessionId":{"type":"string"},"piSessionId":{"anyOf":[{"type":"null"},{"type":"string"}]},"resumed":{"type":"boolean"},"bindingId":{"type":"string"}}},"chat.name":{"type":"object","required":["type","sessionId","name","origin"],"properties":{"type":{"const":"chat.name"},"sessionId":{"type":"string"},"name":{"type":"string"},"origin":{"type":"string","enum":["auto","user","provider"]}}},"messageDelta":{"type":"object","required":["type","sessionId","delta"],"properties":{"type":{"const":"messageDelta"},"sessionId":{"type":"string"},"messageId":{"type":"string"},"delta":{"type":"object","required":["kind"],"properties":{"kind":{"type":"string"},"contentIndex":{"type":"integer"},"delta":{"type":"string"},"content":{"type":"string"},"reason":{"type":"string"},"partial":{"json":true}}}}},"message":{"type":"object","required":["type","sessionId","message"],"properties":{"type":{"const":"message"},"sessionId":{"type":"string"},"message":{"type":"object","required":["role"],"properties":{"role":{"type":"string"},"customType":{"type":"string"},"blocks":{"type":"array","items":{"type":"object","required":["kind"],"properties":{"kind":{"type":"string"},"text":{"type":"string"},"thinking":{"type":"string"},"id":{"type":"string"},"name":{"type":"string"},"arguments":{"json":true},"isError":{"type":"boolean"},"data":{"type":"string"},"mimeType":{"type":"string"},"byteLength":{"type":"integer"},"ref":{"type":"object","required":["toolCallId","contentIndex"],"properties":{"toolCallId":{"type":"string"},"contentIndex":{"type":"integer"}}}}}},"content":{"type":"string"},"model":{"type":"string"},"usage":{"json":true},"ts":{"type":"number"},"timestamp":{"type":"number"}}}}},"tool":{"type":"object","required":["type","sessionId","toolCallId","toolName","phase"],"properties":{"type":{"const":"tool"},"sessionId":{"type":"string"},"toolCallId":{"type":"string"},"toolName":{"type":"string"},"phase":{"type":"string","enum":["start","update","end"]},"args":{"json":true},"partial":{"type":"object","properties":{"content":{"type":"array","items":{"type":"object","properties":{"text":{"type":"string"}}}},"details":{"json":true}}},"result":{"type":"object","properties":{"content":{"type":"array","items":{"type":"object","properties":{"text":{"type":"string"}}}},"details":{"json":true}}},"isError":{"type":"boolean"}}},"state":{"type":"object","required":["type","sessionId","isStreaming","isCompacting"],"properties":{"type":{"const":"state"},"sessionId":{"type":"string"},"isStreaming":{"type":"boolean"},"isCompacting":{"type":"boolean"},"thinkingLevel":{"type":"string"},"model":{"anyOf":[{"type":"null"},{"type":"object","required":["provider","modelId"],"properties":{"provider":{"type":"string"},"modelId":{"type":"string"}}}]},"sessionName":{"type":"string"}}},"stats":{"type":"object","required":["type","sessionId"],"properties":{"type":{"const":"stats"},"sessionId":{"type":"string"},"cost":{"type":"number"},"contextUsage":{"type":"object","required":["percent"],"properties":{"used":{"type":"integer"},"total":{"type":"integer"},"percent":{"type":"number"},"tokens":{"type":"integer"},"contextWindow":{"type":"integer"}}},"tokens":{"type":"object","properties":{"input":{"type":"integer"},"output":{"type":"integer"},"cacheRead":{"type":"integer"},"cacheWrite":{"type":"integer"},"total":{"type":"integer"}}}}},"extensionEvent":{"type":"object","required":["type","sessionId","name"],"properties":{"type":{"const":"extensionEvent"},"sessionId":{"type":"string"},"name":{"type":"string"},"data":{"json":true}}},"sessions.activity":{"type":"object","required":["type","sessionId","durableSessionId","overflow"],"properties":{"type":{"const":"sessions.activity"},"sessionId":{"type":"string"},"durableSessionId":{"type":"string"},"replacesSessionId":{"type":"string"},"id":{"type":"string"},"title":{"type":"string"},"active":{"type":"boolean"},"last_activity_ms":{"type":"integer"},"running":{"type":"object","properties":{"agents":{"type":"integer"},"tasks":{"type":"integer"},"dag":{"type":"integer"}}},"done":{"type":"integer"},"dag_done":{"type":"integer"},"dag_total":{"type":"integer"},"truncated":{"type":"object","properties":{"task":{"type":"boolean"},"dag":{"type":"boolean"}}},"last_line":{"type":"string"},"overflow":{"type":"boolean"}}},"approval":{"type":"object","required":["type","sessionId","id","method"],"properties":{"type":{"const":"approval"},"sessionId":{"type":"string"},"id":{"type":"string"},"method":{"type":"string","enum":["select","confirm","input","editor"]},"title":{"type":"string"},"message":{"type":"string"},"options":{"type":"array","items":{"type":"string"}},"prefill":{"type":"string"},"placeholder":{"type":"string"},"timeout":{"type":"integer"}}},"commands":{"type":"object","required":["type","sessionId","commands"],"properties":{"type":{"const":"commands"},"sessionId":{"type":"string"},"commands":{"type":"array","items":{"type":"object","required":["name"],"properties":{"name":{"type":"string"},"description":{"type":"string"},"source":{"type":"string"},"syntax":{"type":"string"},"sourceInfo":{"type":"object","properties":{"path":{"type":"string"},"baseDir":{"type":"string"},"source":{"type":"string"},"scope":{"type":"string"},"origin":{"type":"string"}}}}}}}},"models":{"type":"object","required":["type","sessionId","models"],"properties":{"type":{"const":"models"},"sessionId":{"type":"string"},"models":{"type":"array","items":{"type":"object","required":["provider","modelId"],"properties":{"provider":{"type":"string"},"modelId":{"type":"string"},"name":{"type":"string"},"input":{"type":"array","items":{"type":"string"}}}}}}},"entries":{"type":"object","required":["type","sessionId","entries","final"],"properties":{"type":{"const":"entries"},"sessionId":{"type":"string"},"entries":{"type":"array","items":{"json":true}},"leafId":{"type":"string"},"final":{"type":"boolean"}}},"compaction.started":{"type":"object","required":["type","sessionId"],"properties":{"type":{"const":"compaction.started"},"sessionId":{"type":"string"}}},"compaction.done":{"type":"object","required":["type","sessionId"],"properties":{"type":{"const":"compaction.done"},"sessionId":{"type":"string"},"error":{"type":"string"}}},"run.started":{"type":"object","required":["type","sessionId"],"properties":{"type":{"const":"run.started"},"sessionId":{"type":"string"}}},"run.done":{"type":"object","required":["type","sessionId","reason"],"properties":{"type":{"const":"run.done"},"sessionId":{"type":"string"},"reason":{"type":"string"}}},"ack":{"type":"object","required":["type","command"],"properties":{"type":{"const":"ack"},"sessionId":{"type":"string"},"command":{"type":"string"},"id":{"type":"string"},"requestId":{"type":"string"},"phase":{"type":"string"}}},"control.result":{"type":"object","required":["type","sessionId","command","success"],"properties":{"type":{"const":"control.result"},"sessionId":{"type":"string"},"command":{"type":"string"},"requestId":{"type":"string"},"success":{"type":"boolean"},"message":{"type":"string"}}},"error":{"type":"object","required":["type","message"],"properties":{"type":{"const":"error"},"sessionId":{"type":"string"},"code":{"type":"string","enum":["pi_eof","resume_failed","session_unloaded","session_mismatch","prompt_in_flight","compaction_in_flight","provider_error","provider_disconnected","reconnect_exhausted","unsupported_provider","persist_failed","decode_failed","incomplete_history","external-write-detected","session-active","adoption_required","bad_frame","unknown_type","bad_create","bad_provider","no_workspace","no_chat","start_failed","initialize_failed","provider_overflow","provider_timeout","bad_approval","bad_resume","bad_send","bad_set","set_model_failed","set_thinking_failed","approval_failed","no_session","send_failed","compact_failed","send_backpressure","queue_item_not_found"]},"message":{"type":"string"},"command":{"type":"string"},"requestId":{"type":"string"},"dangling":{"type":"boolean"},"knownLeaf":{"type":"string"},"observedLeaf":{"type":"string"},"candidates":{"type":"array","items":{"type":"object","required":["id","name"],"properties":{"id":{"type":"string"},"name":{"type":"string"},"hostPath":{"type":"string"}}}}}},"notice":{"type":"object","required":["type","sessionId","kind","at"],"properties":{"type":{"const":"notice"},"sessionId":{"type":"string"},"kind":{"type":"string"},"payload":{"json":true},"at":{"type":"string","format":"rfc3339nano"},"nid":{"type":"string"}}},"pong":{"type":"object","required":["type"],"properties":{"type":{"const":"pong"},"sessionId":{"type":"string"}}},"hello":{"type":"object","required":["type","version","serverVersion"],"properties":{"type":{"const":"hello"},"version":{"type":"integer"},"serverVersion":{"type":"string"}}},"chat.goal":{"type":"object","required":["type","sessionId","goal"],"properties":{"type":{"const":"chat.goal"},"sessionId":{"type":"string"},"goal":{"anyOf":[{"type":"object","required":["objective","status"],"properties":{"objective":{"type":"string"},"objectiveTruncated":{"type":"boolean"},"status":{"type":"string"},"blockedReason":{"type":"string"},"createdAt":{"type":"integer"},"updatedAt":{"type":"integer"},"completedAt":{"type":"integer"}}},{"type":"null"}]}}},"chat.todo":{"type":"object","required":["type","sessionId","durableSessionId","bindingId","requestGeneration","status"],"format":"chat-todo","properties":{"type":{"const":"chat.todo"},"sessionId":{"type":"string"},"durableSessionId":{"type":"string"},"bindingId":{"type":"string"},"requestGeneration":{"type":"integer"},"status":{"type":"string","enum":["ready","unavailable"]},"source":{"type":"object","required":["leafId","entryId","entryIndex","kind"],"properties":{"leafId":{"anyOf":[{"type":"string"},{"type":"null"}]},"entryId":{"anyOf":[{"type":"string"},{"type":"null"}]},"entryIndex":{"anyOf":[{"type":"integer"},{"type":"null"}]},"kind":{"type":"string","enum":["custom","legacy-tool","absent"]}}},"phases":{"anyOf":[{"type":"array","items":{"type":"object","required":["name","tasks"],"properties":{"name":{"type":"string"},"tasks":{"type":"array","items":{"type":"object","required":["content","status"],"properties":{"content":{"type":"string"},"status":{"type":"string","enum":["pending","in_progress","completed","abandoned"]}}}}}}},{"type":"null"}]},"error":{"type":"string","enum":["history-unavailable","invalid-state","oversized"]}}},"queue":{"type":"object","required":["type","sessionId","revision","items","engine"],"properties":{"type":{"const":"queue"},"sessionId":{"type":"string"},"revision":{"type":"integer"},"items":{"type":"array","items":{"type":"object","required":["id","text","hasImage","createdAt"],"properties":{"id":{"type":"string"},"text":{"type":"string"},"hasImage":{"type":"boolean"},"createdAt":{"type":"integer"},"requestId":{"type":"string"}}}},"engine":{"type":"object","required":["pendingMessageCount","ordered"],"properties":{"pendingMessageCount":{"type":"integer"},"ordered":{"type":"array","items":{"type":"object","required":["text","mode"],"properties":{"text":{"type":"string"},"mode":{"type":"string","enum":["followUp","steer"]}}}}}}}}};
+const SERVER_SCHEMAS: Readonly<Record<string, ValidationSchema>> = {"ready":{"type":"object","required":["type","sessionId","piSessionId","resumed"],"format":"todo-binding-ready","properties":{"type":{"const":"ready"},"sessionId":{"type":"string"},"piSessionId":{"anyOf":[{"type":"null"},{"type":"string"}]},"resumed":{"type":"boolean"},"bindingId":{"type":"string"}}},"chat.name":{"type":"object","required":["type","sessionId","name","origin"],"properties":{"type":{"const":"chat.name"},"sessionId":{"type":"string"},"name":{"type":"string"},"origin":{"type":"string","enum":["auto","user","provider"]}}},"messageDelta":{"type":"object","required":["type","sessionId","delta"],"properties":{"type":{"const":"messageDelta"},"sessionId":{"type":"string"},"messageId":{"type":"string"},"delta":{"type":"object","required":["kind"],"properties":{"kind":{"type":"string"},"contentIndex":{"type":"integer"},"delta":{"type":"string"},"content":{"type":"string"},"reason":{"type":"string"},"partial":{"json":true}}}}},"message":{"type":"object","required":["type","sessionId","message"],"properties":{"type":{"const":"message"},"sessionId":{"type":"string"},"message":{"type":"object","required":["role"],"properties":{"role":{"type":"string"},"customType":{"type":"string"},"blocks":{"type":"array","items":{"type":"object","required":["kind"],"properties":{"kind":{"type":"string"},"text":{"type":"string"},"thinking":{"type":"string"},"id":{"type":"string"},"name":{"type":"string"},"arguments":{"json":true},"isError":{"type":"boolean"},"data":{"type":"string"},"mimeType":{"type":"string"},"byteLength":{"type":"integer"},"ref":{"type":"object","required":["toolCallId","contentIndex"],"properties":{"toolCallId":{"type":"string"},"contentIndex":{"type":"integer"}}}}}},"content":{"type":"string"},"model":{"type":"string"},"usage":{"json":true},"ts":{"type":"number"},"timestamp":{"type":"number"},"errorMessage":{"type":"string"},"stopReason":{"type":"string"}}}}},"tool":{"type":"object","required":["type","sessionId","toolCallId","toolName","phase"],"properties":{"type":{"const":"tool"},"sessionId":{"type":"string"},"toolCallId":{"type":"string"},"toolName":{"type":"string"},"phase":{"type":"string","enum":["start","update","end"]},"args":{"json":true},"partial":{"type":"object","properties":{"content":{"type":"array","items":{"type":"object","properties":{"text":{"type":"string"}}}},"details":{"json":true}}},"result":{"type":"object","properties":{"content":{"type":"array","items":{"type":"object","properties":{"text":{"type":"string"}}}},"details":{"json":true}}},"isError":{"type":"boolean"}}},"state":{"type":"object","required":["type","sessionId","isStreaming","isCompacting"],"properties":{"type":{"const":"state"},"sessionId":{"type":"string"},"isStreaming":{"type":"boolean"},"isCompacting":{"type":"boolean"},"thinkingLevel":{"type":"string"},"model":{"anyOf":[{"type":"null"},{"type":"object","required":["provider","modelId"],"properties":{"provider":{"type":"string"},"modelId":{"type":"string"}}}]},"sessionName":{"type":"string"}}},"stats":{"type":"object","required":["type","sessionId"],"properties":{"type":{"const":"stats"},"sessionId":{"type":"string"},"cost":{"type":"number"},"contextUsage":{"type":"object","required":["percent"],"properties":{"used":{"type":"integer"},"total":{"type":"integer"},"percent":{"type":"number"},"tokens":{"type":"integer"},"contextWindow":{"type":"integer"}}},"tokens":{"type":"object","properties":{"input":{"type":"integer"},"output":{"type":"integer"},"cacheRead":{"type":"integer"},"cacheWrite":{"type":"integer"},"total":{"type":"integer"}}}}},"extensionEvent":{"type":"object","required":["type","sessionId","name"],"properties":{"type":{"const":"extensionEvent"},"sessionId":{"type":"string"},"name":{"type":"string"},"data":{"json":true}}},"sessions.activity":{"type":"object","required":["type","sessionId","durableSessionId","overflow"],"properties":{"type":{"const":"sessions.activity"},"sessionId":{"type":"string"},"durableSessionId":{"type":"string"},"replacesSessionId":{"type":"string"},"id":{"type":"string"},"title":{"type":"string"},"active":{"type":"boolean"},"last_activity_ms":{"type":"integer"},"running":{"type":"object","properties":{"agents":{"type":"integer"},"tasks":{"type":"integer"},"dag":{"type":"integer"}}},"done":{"type":"integer"},"dag_done":{"type":"integer"},"dag_total":{"type":"integer"},"truncated":{"type":"object","properties":{"task":{"type":"boolean"},"dag":{"type":"boolean"}}},"last_line":{"type":"string"},"overflow":{"type":"boolean"}}},"approval":{"type":"object","required":["type","sessionId","id","method"],"properties":{"type":{"const":"approval"},"sessionId":{"type":"string"},"id":{"type":"string"},"method":{"type":"string","enum":["select","confirm","input","editor"]},"title":{"type":"string"},"message":{"type":"string"},"options":{"type":"array","items":{"type":"string"}},"prefill":{"type":"string"},"placeholder":{"type":"string"},"timeout":{"type":"integer"}}},"commands":{"type":"object","required":["type","sessionId","commands"],"properties":{"type":{"const":"commands"},"sessionId":{"type":"string"},"commands":{"type":"array","items":{"type":"object","required":["name"],"properties":{"name":{"type":"string"},"description":{"type":"string"},"source":{"type":"string"},"syntax":{"type":"string"},"sourceInfo":{"type":"object","properties":{"path":{"type":"string"},"baseDir":{"type":"string"},"source":{"type":"string"},"scope":{"type":"string"},"origin":{"type":"string"}}}}}}}},"models":{"type":"object","required":["type","sessionId","models"],"properties":{"type":{"const":"models"},"sessionId":{"type":"string"},"models":{"type":"array","items":{"type":"object","required":["provider","modelId"],"properties":{"provider":{"type":"string"},"modelId":{"type":"string"},"name":{"type":"string"},"input":{"type":"array","items":{"type":"string"}}}}}}},"entries":{"type":"object","required":["type","sessionId","entries","final"],"properties":{"type":{"const":"entries"},"sessionId":{"type":"string"},"entries":{"type":"array","items":{"json":true}},"leafId":{"type":"string"},"final":{"type":"boolean"}}},"compaction.started":{"type":"object","required":["type","sessionId"],"properties":{"type":{"const":"compaction.started"},"sessionId":{"type":"string"}}},"compaction.done":{"type":"object","required":["type","sessionId"],"properties":{"type":{"const":"compaction.done"},"sessionId":{"type":"string"},"error":{"type":"string"}}},"run.started":{"type":"object","required":["type","sessionId"],"properties":{"type":{"const":"run.started"},"sessionId":{"type":"string"}}},"run.done":{"type":"object","required":["type","sessionId","reason"],"properties":{"type":{"const":"run.done"},"sessionId":{"type":"string"},"reason":{"type":"string"}}},"ack":{"type":"object","required":["type","command"],"properties":{"type":{"const":"ack"},"sessionId":{"type":"string"},"command":{"type":"string"},"id":{"type":"string"},"requestId":{"type":"string"},"phase":{"type":"string"}}},"control.result":{"type":"object","required":["type","sessionId","command","success"],"properties":{"type":{"const":"control.result"},"sessionId":{"type":"string"},"command":{"type":"string"},"requestId":{"type":"string"},"success":{"type":"boolean"},"message":{"type":"string"}}},"error":{"type":"object","required":["type","message"],"properties":{"type":{"const":"error"},"sessionId":{"type":"string"},"code":{"type":"string","enum":["pi_eof","resume_failed","session_unloaded","session_mismatch","prompt_in_flight","compaction_in_flight","provider_error","provider_disconnected","reconnect_exhausted","unsupported_provider","persist_failed","decode_failed","incomplete_history","external-write-detected","session-active","adoption_required","bad_frame","unknown_type","bad_create","bad_provider","no_workspace","no_chat","start_failed","initialize_failed","provider_overflow","provider_timeout","bad_approval","bad_resume","bad_send","bad_set","set_model_failed","set_thinking_failed","approval_failed","no_session","send_failed","compact_failed","send_backpressure","queue_item_not_found"]},"message":{"type":"string"},"command":{"type":"string"},"requestId":{"type":"string"},"dangling":{"type":"boolean"},"knownLeaf":{"type":"string"},"observedLeaf":{"type":"string"},"candidates":{"type":"array","items":{"type":"object","required":["id","name"],"properties":{"id":{"type":"string"},"name":{"type":"string"},"hostPath":{"type":"string"}}}}}},"notice":{"type":"object","required":["type","sessionId","kind","at"],"properties":{"type":{"const":"notice"},"sessionId":{"type":"string"},"kind":{"type":"string"},"payload":{"json":true},"at":{"type":"string","format":"rfc3339nano"},"nid":{"type":"string"}}},"pong":{"type":"object","required":["type"],"properties":{"type":{"const":"pong"},"sessionId":{"type":"string"}}},"hello":{"type":"object","required":["type","version","serverVersion"],"properties":{"type":{"const":"hello"},"version":{"type":"integer"},"serverVersion":{"type":"string"}}},"chat.goal":{"type":"object","required":["type","sessionId","goal"],"properties":{"type":{"const":"chat.goal"},"sessionId":{"type":"string"},"goal":{"anyOf":[{"type":"object","required":["objective","status"],"properties":{"objective":{"type":"string"},"objectiveTruncated":{"type":"boolean"},"status":{"type":"string"},"blockedReason":{"type":"string"},"createdAt":{"type":"integer"},"updatedAt":{"type":"integer"},"completedAt":{"type":"integer"}}},{"type":"null"}]}}},"chat.todo":{"type":"object","required":["type","sessionId","durableSessionId","bindingId","requestGeneration","status"],"format":"chat-todo","properties":{"type":{"const":"chat.todo"},"sessionId":{"type":"string"},"durableSessionId":{"type":"string"},"bindingId":{"type":"string"},"requestGeneration":{"type":"integer"},"status":{"type":"string","enum":["ready","unavailable"]},"source":{"type":"object","required":["leafId","entryId","entryIndex","kind"],"properties":{"leafId":{"anyOf":[{"type":"string"},{"type":"null"}]},"entryId":{"anyOf":[{"type":"string"},{"type":"null"}]},"entryIndex":{"anyOf":[{"type":"integer"},{"type":"null"}]},"kind":{"type":"string","enum":["custom","legacy-tool","absent"]}}},"phases":{"anyOf":[{"type":"array","items":{"type":"object","required":["name","tasks"],"properties":{"name":{"type":"string"},"tasks":{"type":"array","items":{"type":"object","required":["content","status"],"properties":{"content":{"type":"string"},"status":{"type":"string","enum":["pending","in_progress","completed","abandoned"]}}}}}}},{"type":"null"}]},"error":{"type":"string","enum":["history-unavailable","invalid-state","oversized"]}}},"queue":{"type":"object","required":["type","sessionId","revision","items","engine"],"properties":{"type":{"const":"queue"},"sessionId":{"type":"string"},"revision":{"type":"integer"},"items":{"type":"array","items":{"type":"object","required":["id","text","hasImage","createdAt"],"properties":{"id":{"type":"string"},"text":{"type":"string"},"hasImage":{"type":"boolean"},"createdAt":{"type":"integer"},"requestId":{"type":"string"}}}},"engine":{"type":"object","required":["pendingMessageCount","ordered"],"properties":{"pendingMessageCount":{"type":"integer"},"ordered":{"type":"array","items":{"type":"object","required":["text","mode"],"properties":{"text":{"type":"string"},"mode":{"type":"string","enum":["followUp","steer"]}}}}}}}}};
 const CLIENT_SCHEMAS: Readonly<Record<string, ValidationSchema>> = {"ping":{"type":"object","required":["type"],"properties":{"type":{"const":"ping"}}},"chat.create":{"type":"object","required":["type","wsId","chatId"],"properties":{"type":{"const":"chat.create"},"wsId":{"type":"string"},"chatId":{"type":"string"},"recovery":{"type":"boolean"},"force":{"type":"boolean"}}},"chat.send":{"type":"object","required":["type","sessionId","run"],"properties":{"type":{"const":"chat.send"},"sessionId":{"type":"string"},"requestId":{"type":"string"},"run":{"type":"object","required":["kind","message"],"properties":{"kind":{"type":"string","enum":["prompt","steer","follow_up"]},"message":{"type":"string"},"images":{"type":"array","items":{"type":"object","required":["data","mimeType"],"properties":{"data":{"type":"string"},"mimeType":{"type":"string"}}}}}}}},"chat.abort":{"type":"object","required":["type","sessionId"],"properties":{"type":{"const":"chat.abort"},"sessionId":{"type":"string"}}},"chat.set":{"type":"object","required":["type","sessionId"],"properties":{"type":{"const":"chat.set"},"sessionId":{"type":"string"},"requestId":{"type":"string"},"model":{"type":"object","required":["provider","modelId"],"properties":{"provider":{"type":"string"},"modelId":{"type":"string"}}},"thinkingLevel":{"type":"string"}}},"approval.respond":{"type":"object","required":["type","sessionId","id"],"properties":{"type":{"const":"approval.respond"},"sessionId":{"type":"string"},"requestId":{"type":"string"},"id":{"type":"string"},"value":{"type":"string"},"confirmed":{"type":"boolean"},"cancelled":{"type":"boolean"}}},"chat.commands":{"type":"object","required":["type","sessionId"],"properties":{"type":{"const":"chat.commands"},"sessionId":{"type":"string"}}},"chat.compact":{"type":"object","required":["type","sessionId"],"properties":{"type":{"const":"chat.compact"},"sessionId":{"type":"string"}}},"chat.models":{"type":"object","required":["type","sessionId"],"properties":{"type":{"const":"chat.models"},"sessionId":{"type":"string"}}},"chat.stats":{"type":"object","required":["type","sessionId"],"properties":{"type":{"const":"chat.stats"},"sessionId":{"type":"string"}}},"activity.refresh":{"type":"object","required":["type","sessionId"],"properties":{"type":{"const":"activity.refresh"},"sessionId":{"type":"string"}}},"sessions.subscribe":{"type":"object","required":["type","mode"],"properties":{"type":{"const":"sessions.subscribe"},"mode":{"type":"string","enum":["all_live","explicit","none"]},"sessionIds":{"type":"array","items":{"type":"string"}}}},"chat.resume":{"type":"object","required":["type","sessionId"],"properties":{"type":{"const":"chat.resume"},"sessionId":{"type":"string"},"since":{"type":"string"}}},"chat.close":{"type":"object","required":["type","sessionId"],"properties":{"type":{"const":"chat.close"},"sessionId":{"type":"string"}}},"chat.disconnect":{"type":"object","required":["type","sessionId"],"properties":{"type":{"const":"chat.disconnect"},"sessionId":{"type":"string"}}},"chat.queue.remove":{"type":"object","required":["type","sessionId","itemId"],"properties":{"type":{"const":"chat.queue.remove"},"sessionId":{"type":"string"},"itemId":{"type":"string"},"requestId":{"type":"string"}}},"chat.queue.move":{"type":"object","required":["type","sessionId","itemId","toIndex"],"properties":{"type":{"const":"chat.queue.move"},"sessionId":{"type":"string"},"itemId":{"type":"string"},"toIndex":{"type":"integer"},"requestId":{"type":"string"}}},"chat.queue.clear":{"type":"object","required":["type","sessionId","scope"],"properties":{"type":{"const":"chat.queue.clear"},"sessionId":{"type":"string"},"scope":{"type":"string","enum":["webchat","engine","all"]},"requestId":{"type":"string"}}},"hello":{"type":"object","required":["type","version"],"properties":{"type":{"const":"hello"},"version":{"type":"integer"}}}};
 function isJsonValue(value: unknown): boolean {
   if (value === null || typeof value === "string" || typeof value === "boolean") return true;
diff --git a/frontend/src/styles/chat-transcript.css b/frontend/src/styles/chat-transcript.css
index c1a0ee2..39d6f2f 100644
--- a/frontend/src/styles/chat-transcript.css
+++ b/frontend/src/styles/chat-transcript.css
@@ -316,6 +316,13 @@
   user-select: text;
 }
 
+/* Failure text attached to its transcript turn: same error ink as the live
+ * region's .th-chat-error, spaced off the turn's own blocks by the system
+ * scale. */
+.th-chat-turn-error {
+  margin-top: var(--th-space-1);
+}
+
 .th-chat-scroll-bottom {
   position: absolute;
   right: max(var(--th-chat-gutter), calc((100% - var(--th-chat-max)) / 2 + 8px));
diff --git a/internal/session/dispatch.go b/internal/session/dispatch.go
index 0141ecb..0def892 100644
--- a/internal/session/dispatch.go
+++ b/internal/session/dispatch.go
@@ -225,6 +225,10 @@ func (s *Session) dispatch(ev *omorpc.Event) {
 		entry, _ := raw["entry"].(map[string]any)
 		s.deriveEntryNoticeLocked(entry)
 		s.publishShownCustomEntryLocked(ev)
+	case "continuation_error":
+		// Observed wire event: the engine's continuation failure text is the
+		// event payload. Publish it as a durable notice, verbatim.
+		s.publishVerbatimNoticeLocked(ev)
 	default:
 		// Strict engine-UI mirror: only the known shown notice kinds publish.
 		// Unmapped engine events stay silent.
@@ -244,7 +248,8 @@ func transcriptNoticeKind(eventType string) bool {
 		"server_fallback_aborted",
 		"auto_retry_start",
 		"auto_retry_end",
-		"extension_notify":
+		"extension_notify",
+		"continuation_error":
 		return true
 	default:
 		return false
diff --git a/internal/session/dispatch_passthrough_test.go b/internal/session/dispatch_passthrough_test.go
index 43c48a7..60da688 100644
--- a/internal/session/dispatch_passthrough_test.go
+++ b/internal/session/dispatch_passthrough_test.go
@@ -200,6 +200,7 @@ func TestDispatchListedNoticeKindsStillPublish(t *testing.T) {
 		"auto_retry_start",
 		"auto_retry_end",
 		"extension_notify",
+		"continuation_error",
 	}
 	for _, kind := range kinds {
 		t.Run(kind, func(t *testing.T) {
diff --git a/internal/wscontract/roundtrip_test.go b/internal/wscontract/roundtrip_test.go
index 62f893a..1f56a3b 100644
--- a/internal/wscontract/roundtrip_test.go
+++ b/internal/wscontract/roundtrip_test.go
@@ -386,3 +386,57 @@ func TestNoticeRFC3339NanoShape(t *testing.T) {
 		}
 	}
 }
+
+func TestAssistantMessageFailureFieldsRoundtrip(t *testing.T) {
+	data := []byte(`{"role":"assistant","content":"partial","errorMessage":"provider rejected the request","stopReason":"error"}`)
+	var msg AssistantMessage
+	if err := json.Unmarshal(data, &msg); err != nil {
+		t.Fatal(err)
+	}
+	// Reflection keeps RED executable against the pre-addition DTO: ExtraFields
+	// would otherwise round-trip these keys without typed fields existing.
+	errorMessage := reflect.ValueOf(msg).FieldByName("ErrorMessage")
+	if !errorMessage.IsValid() || errorMessage.Kind() != reflect.Pointer || errorMessage.IsNil() || errorMessage.Elem().Kind() != reflect.String || errorMessage.Elem().String() != "provider rejected the request" {
+		t.Fatalf("typed errorMessage lost at decode boundary: %+v", msg)
+	}
+	stopReason := reflect.ValueOf(msg).FieldByName("StopReason")
+	if !stopReason.IsValid() || stopReason.Kind() != reflect.Pointer || stopReason.IsNil() || stopReason.Elem().Kind() != reflect.String || stopReason.Elem().String() != "error" {
+		t.Fatalf("typed stopReason lost at decode boundary: %+v", msg)
+	}
+	if _, ok := msg.ExtraFields["errorMessage"]; ok {
+		t.Fatalf("errorMessage leaked into ExtraFields: %+v", msg.ExtraFields)
+	}
+	if _, ok := msg.ExtraFields["stopReason"]; ok {
+		t.Fatalf("stopReason leaked into ExtraFields: %+v", msg.ExtraFields)
+	}
+	assertRoundtrip(t, "assistant-failure-fields", data, msg, nil)
+}
+
+func TestAssistantMessageOmitsAbsentFailureFields(t *testing.T) {
+	data := []byte(`{"role":"assistant","content":"ok"}`)
+	var msg AssistantMessage
+	if err := json.Unmarshal(data, &msg); err != nil {
+		t.Fatal(err)
+	}
+	assertRoundtrip(t, "assistant-without-failure-fields", data, msg, nil)
+	remarshaled, err := json.Marshal(msg)
+	if err != nil {
+		t.Fatal(err)
+	}
+	var got map[string]any
+	if err := json.Unmarshal(remarshaled, &got); err != nil {
+		t.Fatal(err)
+	}
+	if _, ok := got["errorMessage"]; ok {
+		t.Fatalf("errorMessage present on the wire without a value: %s", remarshaled)
+	}
+	if _, ok := got["stopReason"]; ok {
+		t.Fatalf("stopReason present on the wire without a value: %s", remarshaled)
+	}
+	if em := reflect.ValueOf(msg).FieldByName("ErrorMessage"); em.IsValid() && !(em.Kind() == reflect.Pointer && em.IsNil()) {
+		t.Fatalf("ErrorMessage must be absent, got %+v", em)
+	}
+	if sr := reflect.ValueOf(msg).FieldByName("StopReason"); sr.IsValid() && !(sr.Kind() == reflect.Pointer && sr.IsNil()) {
+		t.Fatalf("StopReason must be absent, got %+v", sr)
+	}
+}
diff --git a/internal/wscontract/types_gen.go b/internal/wscontract/types_gen.go
index 40ad5c0..72c22a0 100644
--- a/internal/wscontract/types_gen.go
+++ b/internal/wscontract/types_gen.go
@@ -25,11 +25,15 @@ type AssistantDelta struct {
 }
 
 type AssistantMessage struct {
-	Blocks     []ContentBlock  `json:"blocks,omitempty"`
-	Content    *string         `json:"content,omitempty"`
-	CustomType *string         `json:"customType,omitempty"`
-	Model      *string         `json:"model,omitempty"`
-	Role       string          `json:"role"`
+	Blocks     []ContentBlock `json:"blocks,omitempty"`
+	Content    *string        `json:"content,omitempty"`
+	CustomType *string        `json:"customType,omitempty"`
+	// Failure text observed on the wire when an assistant turn ends unsuccessfully
+	ErrorMessage *string `json:"errorMessage,omitempty"`
+	Model        *string `json:"model,omitempty"`
+	Role         string  `json:"role"`
+	// Stop reason observed on the wire for a completed assistant turn
+	StopReason *string         `json:"stopReason,omitempty"`
 	Timestamp  *float64        `json:"timestamp,omitempty"`
 	Ts         *float64        `json:"ts,omitempty"`
 	Usage      json.RawMessage `json:"usage,omitempty"`
@@ -815,7 +819,7 @@ func (v *AssistantMessage) UnmarshalJSON(data []byte) error {
 	if err := json.Unmarshal(data, (*plain)(v)); err != nil {
 		return err
 	}
-	extra, err := captureExtraFields(data, []string{"blocks", "content", "customType", "model", "role", "timestamp", "ts", "usage"}, []string{}, []string{"blocks"})
+	extra, err := captureExtraFields(data, []string{"blocks", "content", "customType", "errorMessage", "model", "role", "stopReason", "timestamp", "ts", "usage"}, []string{}, []string{"blocks"})
 	if err != nil {
 		return err
 	}
@@ -2392,6 +2396,7 @@ const (
 	DurableNoticeKindQueueDeliveryUncertain DurableNoticeKind = "queue_delivery_uncertain"
 	DurableNoticeKindExtensionNotify        DurableNoticeKind = "extension_notify"
 	DurableNoticeKindEngineNotify           DurableNoticeKind = "engine_notify"
+	DurableNoticeKindContinuationError      DurableNoticeKind = "continuation_error"
 )
 
 // ApprovalMethod values, from shared-types.json.
@@ -2554,7 +2559,7 @@ func ParseServerFrame(data []byte) (ServerFrame, error) {
 				return nil, err
 			}
 		case "message":
-			if err := validateFrameJSON(data, validationSchema{Type: "object", Properties: map[string]validationSchema{"message": validationSchema{Type: "object", Properties: map[string]validationSchema{"blocks": validationSchema{Type: "array", Items: &validationSchema{Type: "object", Properties: map[string]validationSchema{"arguments": validationSchema{}, "byteLength": validationSchema{Type: "integer"}, "data": validationSchema{Type: "string"}, "id": validationSchema{Type: "string"}, "isError": validationSchema{Type: "boolean"}, "kind": validationSchema{Type: "string"}, "mimeType": validationSchema{Type: "string"}, "name": validationSchema{Type: "string"}, "ref": validationSchema{Type: "object", Properties: map[string]validationSchema{"contentIndex": validationSchema{Type: "integer"}, "toolCallId": validationSchema{Type: "string"}}, Required: []string{"toolCallId", "contentIndex"}}, "text": validationSchema{Type: "string"}, "thinking": validationSchema{Type: "string"}}, Required: []string{"kind"}}}, "content": validationSchema{Type: "string"}, "customType": validationSchema{Type: "string"}, "model": validationSchema{Type: "string"}, "role": validationSchema{Type: "string"}, "timestamp": validationSchema{Type: "number"}, "ts": validationSchema{Type: "number"}, "usage": validationSchema{}}, Required: []string{"role"}}, "sessionId": validationSchema{Type: "string"}, "type": validationSchema{Const: "message"}}, Required: []string{"type", "sessionId", "message"}}); err != nil {
+			if err := validateFrameJSON(data, validationSchema{Type: "object", Properties: map[string]validationSchema{"message": validationSchema{Type: "object", Properties: map[string]validationSchema{"blocks": validationSchema{Type: "array", Items: &validationSchema{Type: "object", Properties: map[string]validationSchema{"arguments": validationSchema{}, "byteLength": validationSchema{Type: "integer"}, "data": validationSchema{Type: "string"}, "id": validationSchema{Type: "string"}, "isError": validationSchema{Type: "boolean"}, "kind": validationSchema{Type: "string"}, "mimeType": validationSchema{Type: "string"}, "name": validationSchema{Type: "string"}, "ref": validationSchema{Type: "object", Properties: map[string]validationSchema{"contentIndex": validationSchema{Type: "integer"}, "toolCallId": validationSchema{Type: "string"}}, Required: []string{"toolCallId", "contentIndex"}}, "text": validationSchema{Type: "string"}, "thinking": validationSchema{Type: "string"}}, Required: []string{"kind"}}}, "content": validationSchema{Type: "string"}, "customType": validationSchema{Type: "string"}, "errorMessage": validationSchema{Type: "string"}, "model": validationSchema{Type: "string"}, "role": validationSchema{Type: "string"}, "stopReason": validationSchema{Type: "string"}, "timestamp": validationSchema{Type: "number"}, "ts": validationSchema{Type: "number"}, "usage": validationSchema{}}, Required: []string{"role"}}, "sessionId": validationSchema{Type: "string"}, "type": validationSchema{Const: "message"}}, Required: []string{"type", "sessionId", "message"}}); err != nil {
 				return nil, err
 			}
 		case "tool":

EXIT_CODE=1
